I'm sorry, but errors were detected in your script. Please correct the
errors listed below, and try again.


File "game/script.rpy", line 25: expected end of line
    play music "bgm2.mp3" volume 1.5 with fadein 1.0, fadeout 1.0
                                     ^

Ren'Py Version: Ren'Py 8.3.4.24120703
Sun Jan 19 16:11:59 2025
